Command (from workflow/confidential-preflight):
cre workflow simulate confidential-check --target staging-settings --non-interactive --trigger-index 0

CRE CLI v1.37.0; Bun 1.4.2; official template @chainlink/cre-sdk 1.18.0
Dummy token supplied through the child-process environment. No real credential used.
Official sample scoring policy and live echo endpoint, not Wysiwys policy or Scorechain screening.
Local simulated TEE and single-node consensus model. No live enclave attestation.
Report generated in simulation only; no chain write, broadcast, deployment or secret upload.
Process exit code: 0

+Initializing...
Loading settings...
Using default simulator signing configuration; no on-chain write or broadcast.
Checking RPC connectivity...
Compiling workflow...
✓ Workflow compiled
✓ Simulation limits enabled
  HTTP: req=120kb resp=250kb timeout=10s | ConfHTTP: req=125kb resp=500kb timeout=1m30s | Consensus obs=25kb | ChainWrite evm_report=50kb evm_gas=10000000 solana_report=265b solana_cu=300000 | WASM binary=100mb compressed=20mb
  Binary hash: 8d1d2ef12240bebb82ff7fc712e1f701bfae945d0e854063fb181cc6b54a2e3b
  Config hash: 4b35871e775e904ee1fe5fb9aa7666f7d8b5817940adee78de64c0ab0266b380
2026-10-06T20:32:09Z [SIMULATION] Simulator Initialized

2026-10-06T20:32:09Z [SIMULATION] Running trigger trigger=cron-trigger@1.0.0
╭────────────────────────────────────────────────────────────────────────────────────────────────────╮
│ Trigger requested TEE Execution your trigger will run in one of the following Tees:                │
│     - AWS Nitro in us-west-2                                                                       │
│ The simulator is not a real TEE, and is meant to debug.                                            │
│ Do not use it for sensitive information.                                                           │
│ During real execution, user logs for this trigger will not be visible, and will not leave the TEE. │
│ They are presented in the simulator for debugging only.                                            │
│                                                                                                    │
╰────────────────────────────────────────────────────────────────────────────────────────────────────╯

2026-10-06T20:32:10Z [USER LOG] Enclave computation complete. verdict=REJECT

✓ Workflow Simulation Result:
"REJECT (score: 332, secret reached API: true)"

2026-10-06T20:32:10Z [SIMULATION] Execution finished signal received
2026-10-06T20:32:10Z [SIMULATION] Skipping WorkflowEngineV2

╭──────────────────────────────────────────────────────╮
│ Simulation complete! Ready to deploy your workflow?  │
│                                                      │
│ Run cre account access to request deployment access. │
╰──────────────────────────────────────────────────────╯
