Address: 97mGfZ9Au2ifWtrZ9qMKXwUqwgxvipvXQEwgvzzsG8tJ
Command (from workflow/confidential-preflight):
cre workflow simulate confidential-check --target local-simulation --non-interactive --trigger-index 0
Real Scorechain HTTPS request; simulated TEE, no report generation or on-chain write.
Result: NO_SANCTIONS_MATCH; paymentAuthorized=false. Exit code 0.
No general wallet-risk assessment was performed.

+✓ Workflow compiled
✓ Simulation limits enabled
  HTTP: req=120kb resp=250kb timeout=10s | ConfHTTP: req=125kb resp=500kb timeout=1m30s | Consensus obs=25kb | ChainWrite evm_report=50kb evm_gas=10000000 solana_report=265b solana_cu=300000 | WASM binary=100mb compressed=20mb
  Binary hash: 721a3a9b2e27688de74be97d371770f62c4975782a0d91c1cbea4f6316e155df
  Config hash: 88040f3bba78de2d1228d21a15c4a735c32d8dc7b6694939bc926da152b9a224
2026-10-06T21:03:09Z [SIMULATION] Simulator Initialized

2026-10-06T21:03:09Z [SIMULATION] Running trigger trigger=cron-trigger@1.0.0
╭────────────────────────────────────────────────────────────────────────────────────────────────────╮
│ Trigger requested TEE Execution your trigger will run in one of the following Tees:                │
│     - AWS Nitro in us-west-2                                                                       │
│ The simulator is not a real TEE, and is meant to debug.                                            │
│ Do not use it for sensitive information.                                                           │
│ During real execution, user logs for this trigger will not be visible, and will not leave the TEE. │
│ They are presented in the simulator for debugging only.                                            │
│                                                                                                    │
╰────────────────────────────────────────────────────────────────────────────────────────────────────╯


✓ Workflow Simulation Result:
"{\"mode\":\"local-simulation\",\"provider\":\"scorechain\",\"address\":\"97mGfZ9Au2ifWtrZ9qMKXwUqwgxvipvXQEwgvzzsG8tJ\",\"sanctionsStatus\":\"NO_SANCTIONS_MATCH\",\"paymentAuthorized\":false}"

2026-10-06T21:03:10Z [SIMULATION] Execution finished signal received
2026-10-06T21:03:10Z [SIMULATION] Skipping WorkflowEngineV2

╭──────────────────────────────────────────────────────╮
│ Simulation complete! Ready to deploy your workflow?  │
│                                                      │
│ Run cre account access to request deployment access. │
╰──────────────────────────────────────────────────────╯
