Initializing...
Loading settings...
Checking RPC connectivity...
Compiling workflow...
✓ Workflow compiled
✓ Simulation limits enabled
  HTTP: req=120kb resp=250kb timeout=10s | ConfHTTP: req=125kb resp=500kb timeout=1m30s | Consensus obs=25kb | ChainWrite evm_report=50kb evm_gas=10000000 solana_report=265b solana_cu=300000 | WASM binary=100mb compressed=20mb
  Binary hash: 63ef38aecfba1dea20799eba70493ae24aa4310d592f31083dffb2aa8633040f
  Config hash: 88041d15b95b11e69f9623dd4c80828da949f151f3090a55b3e6250f233dd1b9
✓ Parsed JSON input successfully
✓ Created HTTP trigger payload with 2 fields
2026-10-07T13:58:52Z [SIMULATION] Simulator Initialized

2026-10-07T13:58:52Z [SIMULATION] Running trigger trigger=http-trigger@1.0.0-alpha
2026-10-07T13:58:56Z [USER LOG] account read: 3/3 providers answered, 1 distinct snapshot(s)

✓ Workflow Simulation Result:
"{\"review\":\"8dU7PwFEaXBBvENFvLmSsHLA6wT7mKNVZFxmx5MzbeBp\",\"skipped\":\"review is already executed\"}"

2026-10-07T13:58:56Z [SIMULATION] Execution finished signal received
2026-10-07T13:58:56Z [SIMULATION] Skipping WorkflowEngineV2

⚠️  Update available! You’re running 1.33.0, but 1.37.0 is the latest.
Run `cre update` or visit https://github.com/smartcontractkit/cre-cli/releases to upgrade.

