Initializing...
Loading settings...
! Using default private key for chain write simulation. To use your own key, set CRE_ETH_PRIVATE_KEY in your .env file or system environment.
Checking RPC connectivity...
Compiling workflow...
✓ Workflow compiled
✓ Simulation limits enabled
  HTTP: req=120kb resp=250kb timeout=10s | ConfHTTP: req=125kb resp=500kb timeout=1m30s | Consensus obs=25kb | ChainWrite evm_report=50kb evm_gas=10000000 solana_report=265b solana_cu=300000 | WASM binary=100mb compressed=20mb
2026-10-07T00:35:32Z [SIMULATION] Simulator Initialized

2026-10-07T00:35:32Z [SIMULATION] Running trigger trigger=cron-trigger@1.0.0
2026-10-07T00:35:32Z [USER LOG] SDK workflowOwner(): aaaaaaaaaaaaaaaaaaaaaaaaaaaaaaaaaaaaaaaa
2026-10-07T00:35:32Z [USER LOG] SDK workflowName(): 1d99fd615b
2026-10-07T00:35:32Z [USER LOG] raw report length: 262 (limit 265)
2026-10-07T00:35:32Z [USER LOG] metadata length: 64
2026-10-07T00:35:32Z [USER LOG] metadata[42..62] (guard owner slice): aaaaaaaaaaaaaaaaaaaaaaaaaaaaaaaaaaaaaaaa
2026-10-07T00:35:32Z [USER LOG] metadata[32..42] (workflow_name): 31643939666436313562
2026-10-07T00:35:32Z [USER LOG] payload echoed intact: true

✓ Workflow Simulation Result:
"ok"

2026-10-07T00:35:32Z [SIMULATION] Execution finished signal received
2026-10-07T00:35:32Z [SIMULATION] Skipping WorkflowEngineV2


