Initializing...
Loading settings...

Deploying Workflow: wysiwys-review-live
  Registry:      private
  DON Family:    zone-a
  Target:        live-devnet
  Owner Address: 0xC6680AC5E2A0A6d63A172a9ac99b52b3eB9A2662 (derived)

  Compiling workflow...
✓ Workflow compiled successfully
  Binary hash:   ea4e4f784558e98846bad2a2e7fdded1450556e42e15407b6b9b0b8d13330723
  Config hash:   96168cf4ce17f851a5200905541d07aad8f76af5899b793f11c2b929efd3ede1
  Workflow hash: 0007bda336f75bcb930240d5006341c6f4db26a868192ea8fc4377d1e43464d7
! Workflow wysiwys-review-live already exists
  This will update the existing workflow.

  Uploading files...
✓ Loaded binary from: ./binary.wasm.br.b64
✓ Uploaded binary to: https://storage.cre.chain.link/artifacts/0007bda336f75bcb930240d5006341c6f4db26a868192ea8fc4377d1e43464d7/binary.wasm
✓ Loaded config from: ./config.live.json
✓ Uploaded config to: https://storage.cre.chain.link/artifacts/0007bda336f75bcb930240d5006341c6f4db26a868192ea8fc4377d1e43464d7/config

  Registering workflow in private registry (workflowID: 0007bda336f75bcb930240d5006341c6f4db26a868192ea8fc4377d1e43464d7)...
✓ Workflow registered in private registry

Details:
     Registry:         private
     DON Family:       zone-a
     Workflow Name:    wysiwys-review-live
     Workflow ID:      0007bda336f75bcb930240d5006341c6f4db26a868192ea8fc4377d1e43464d7
     Status:           Active
     Binary URL:       https://storage.cre.chain.link/artifacts/0007bda336f75bcb930240d5006341c6f4db26a868192ea8fc4377d1e43464d7/binary.wasm
     Config URL:       https://storage.cre.chain.link/artifacts/0007bda336f75bcb930240d5006341c6f4db26a868192ea8fc4377d1e43464d7/config
     Owner:            c6680ac5e2a0a6d63a172a9ac99b52b3eb9a2662

Next steps:
     cre workflow list
     cre execution list wysiwys-review-live
     cre execution list wysiwys-review-live --status FAILURE
     cre execution status <execution-id>
     cre execution events  <execution-id>
     cre execution logs    <execution-id>

⚠️  Update available! You’re running 1.33.0, but 1.37.0 is the latest.
Run `cre update` or visit https://github.com/smartcontractkit/cre-cli/releases to upgrade.

